------------------------------------------------------------
Timing Analyzer Summary
------------------------------------------------------------

Type  : Slow 1200mV 85C Model Setup 'CLOCK'
Slack : -22.130
TNS   : -4666.589

Type  : Slow 1200mV 85C Model Setup 'ps2Keyboard:keyboard|mouse_Inner_controller:innerMouse|Altera_UP_PS2_Data_In:PS2_Data_In|received_data_en[0]'
Slack : -1.563
TNS   : -7.038

Type  : Slow 1200mV 85C Model Hold 'CLOCK'
Slack : 0.402
TNS   : 0.000

Type  : Slow 1200mV 85C Model Hold 'ps2Keyboard:keyboard|mouse_Inner_controller:innerMouse|Altera_UP_PS2_Data_In:PS2_Data_In|received_data_en[0]'
Slack : 0.403
TNS   : 0.000

Type  : Slow 1200mV 85C Model Minimum Pulse Width 'CLOCK'
Slack : -3.000
TNS   : -1294.442

Type  : Slow 1200mV 85C Model Minimum Pulse Width 'ps2Keyboard:keyboard|mouse_Inner_controller:innerMouse|Altera_UP_PS2_Data_In:PS2_Data_In|received_data_en[0]'
Slack : -1.285
TNS   : -6.425

Type  : Slow 1200mV 0C Model Setup 'CLOCK'
Slack : -19.880
TNS   : -4174.567

Type  : Slow 1200mV 0C Model Setup 'ps2Keyboard:keyboard|mouse_Inner_controller:innerMouse|Altera_UP_PS2_Data_In:PS2_Data_In|received_data_en[0]'
Slack : -1.357
TNS   : -6.089

Type  : Slow 1200mV 0C Model Hold 'CLOCK'
Slack : 0.353
TNS   : 0.000

Type  : Slow 1200mV 0C Model Hold 'ps2Keyboard:keyboard|mouse_Inner_controller:innerMouse|Altera_UP_PS2_Data_In:PS2_Data_In|received_data_en[0]'
Slack : 0.354
TNS   : 0.000

Type  : Slow 1200mV 0C Model Minimum Pulse Width 'CLOCK'
Slack : -3.000
TNS   : -1280.186

Type  : Slow 1200mV 0C Model Minimum Pulse Width 'ps2Keyboard:keyboard|mouse_Inner_controller:innerMouse|Altera_UP_PS2_Data_In:PS2_Data_In|received_data_en[0]'
Slack : -1.285
TNS   : -6.425

Type  : Fast 1200mV 0C Model Setup 'CLOCK'
Slack : -10.213
TNS   : -1924.341

Type  : Fast 1200mV 0C Model Setup 'ps2Keyboard:keyboard|mouse_Inner_controller:innerMouse|Altera_UP_PS2_Data_In:PS2_Data_In|received_data_en[0]'
Slack : -0.264
TNS   : -0.901

Type  : Fast 1200mV 0C Model Hold 'CLOCK'
Slack : 0.180
TNS   : 0.000

Type  : Fast 1200mV 0C Model Hold 'ps2Keyboard:keyboard|mouse_Inner_controller:innerMouse|Altera_UP_PS2_Data_In:PS2_Data_In|received_data_en[0]'
Slack : 0.181
TNS   : 0.000

Type  : Fast 1200mV 0C Model Minimum Pulse Width 'CLOCK'
Slack : -3.000
TNS   : -710.093

Type  : Fast 1200mV 0C Model Minimum Pulse Width 'ps2Keyboard:keyboard|mouse_Inner_controller:innerMouse|Altera_UP_PS2_Data_In:PS2_Data_In|received_data_en[0]'
Slack : -1.000
TNS   : -5.000

------------------------------------------------------------
